  AreaAndPerimeterPrinter.cpp
C:\Users\Konovalov Sergey\Desktop\ООД\lw3\Shapes3\Shapes3\AreaAndPerimeterPrinter.cpp(20,14): warning C4244: инициализация: преобразование "double" в "float", возможна потеря данных
C:\Users\Konovalov Sergey\Desktop\ООД\lw3\Shapes3\Shapes3\AreaAndPerimeterPrinter.cpp(21,14): warning C4244: инициализация: преобразование "double" в "float", возможна потеря данных
C:\Users\Konovalov Sergey\Desktop\ООД\lw3\Shapes3\Shapes3\AreaAndPerimeterPrinter.cpp(22,14): warning C4244: инициализация: преобразование "double" в "float", возможна потеря данных
C:\Users\Konovalov Sergey\Desktop\ООД\lw3\Shapes3\Shapes3\AreaAndPerimeterPrinter.cpp(44,21): warning C4244: инициализация: преобразование "double" в "float", возможна потеря данных
C:\Users\Konovalov Sergey\Desktop\ООД\lw3\Shapes3\Shapes3\AreaAndPerimeterPrinter.cpp(45,16): warning C4244: инициализация: преобразование "double" в "float", возможна потеря данных
  CTriangleShape.cpp
  ShapeController.cpp
C:\Users\Konovalov Sergey\Desktop\ООД\lw3\Shapes3\Shapes3\TriangleCreator.h(26,23): warning C4244: =: преобразование "int" в "float", возможна потеря данных
  (компиляция исходного файла "ShapeController.cpp")
  
C:\Users\Konovalov Sergey\Desktop\ООД\lw3\Shapes3\Shapes3\TriangleCreator.h(27,23): warning C4244: =: преобразование "int" в "float", возможна потеря данных
  (компиляция исходного файла "ShapeController.cpp")
  
C:\Users\Konovalov Sergey\Desktop\ООД\lw3\Shapes3\Shapes3\TriangleCreator.h(28,23): warning C4244: =: преобразование "int" в "float", возможна потеря данных
  (компиляция исходного файла "ShapeController.cpp")
  
C:\Users\Konovalov Sergey\Desktop\ООД\lw3\Shapes3\Shapes3\TriangleCreator.h(29,23): warning C4244: =: преобразование "int" в "float", возможна потеря данных
  (компиляция исходного файла "ShapeController.cpp")
  
C:\Users\Konovalov Sergey\Desktop\ООД\lw3\Shapes3\Shapes3\TriangleCreator.h(30,23): warning C4244: =: преобразование "int" в "float", возможна потеря данных
  (компиляция исходного файла "ShapeController.cpp")
  
C:\Users\Konovalov Sergey\Desktop\ООД\lw3\Shapes3\Shapes3\TriangleCreator.h(31,23): warning C4244: =: преобразование "int" в "float", возможна потеря данных
  (компиляция исходного файла "ShapeController.cpp")
  
C:\Users\Konovalov Sergey\Desktop\ООД\lw3\Shapes3\Shapes3\RectangleCreator.h(26,23): warning C4244: =: преобразование "int" в "float", возможна потеря данных
  (компиляция исходного файла "ShapeController.cpp")
  
C:\Users\Konovalov Sergey\Desktop\ООД\lw3\Shapes3\Shapes3\RectangleCreator.h(27,23): warning C4244: =: преобразование "int" в "float", возможна потеря данных
  (компиляция исходного файла "ShapeController.cpp")
  
C:\Users\Konovalov Sergey\Desktop\ООД\lw3\Shapes3\Shapes3\RectangleCreator.h(28,23): warning C4244: =: преобразование "int" в "float", возможна потеря данных
  (компиляция исходного файла "ShapeController.cpp")
  
C:\Users\Konovalov Sergey\Desktop\ООД\lw3\Shapes3\Shapes3\RectangleCreator.h(29,23): warning C4244: =: преобразование "int" в "float", возможна потеря данных
  (компиляция исходного файла "ShapeController.cpp")
  
C:\Users\Konovalov Sergey\Desktop\ООД\lw3\Shapes3\Shapes3\CircleCreator.h(25,28): warning C4244: =: преобразование "int" в "float", возможна потеря данных
  (компиляция исходного файла "ShapeController.cpp")
  
C:\Users\Konovalov Sergey\Desktop\ООД\lw3\Shapes3\Shapes3\CircleCreator.h(26,28): warning C4244: =: преобразование "int" в "float", возможна потеря данных
  (компиляция исходного файла "ShapeController.cpp")
  
C:\Users\Konovalov Sergey\Desktop\ООД\lw3\Shapes3\Shapes3\CircleCreator.h(27,27): warning C4244: =: преобразование "int" в "float", возможна потеря данных
  (компиляция исходного файла "ShapeController.cpp")
  
  ShapeCreator.cpp
C:\Users\Konovalov Sergey\Desktop\ООД\lw3\Shapes3\Shapes3\TriangleCreator.h(26,23): warning C4244: =: преобразование "int" в "float", возможна потеря данных
  (компиляция исходного файла "ShapeCreator.cpp")
  
C:\Users\Konovalov Sergey\Desktop\ООД\lw3\Shapes3\Shapes3\TriangleCreator.h(27,23): warning C4244: =: преобразование "int" в "float", возможна потеря данных
  (компиляция исходного файла "ShapeCreator.cpp")
  
C:\Users\Konovalov Sergey\Desktop\ООД\lw3\Shapes3\Shapes3\TriangleCreator.h(28,23): warning C4244: =: преобразование "int" в "float", возможна потеря данных
  (компиляция исходного файла "ShapeCreator.cpp")
  
C:\Users\Konovalov Sergey\Desktop\ООД\lw3\Shapes3\Shapes3\TriangleCreator.h(29,23): warning C4244: =: преобразование "int" в "float", возможна потеря данных
  (компиляция исходного файла "ShapeCreator.cpp")
  
C:\Users\Konovalov Sergey\Desktop\ООД\lw3\Shapes3\Shapes3\TriangleCreator.h(30,23): warning C4244: =: преобразование "int" в "float", возможна потеря данных
  (компиляция исходного файла "ShapeCreator.cpp")
  
C:\Users\Konovalov Sergey\Desktop\ООД\lw3\Shapes3\Shapes3\TriangleCreator.h(31,23): warning C4244: =: преобразование "int" в "float", возможна потеря данных
  (компиляция исходного файла "ShapeCreator.cpp")
  
C:\Users\Konovalov Sergey\Desktop\ООД\lw3\Shapes3\Shapes3\RectangleCreator.h(26,23): warning C4244: =: преобразование "int" в "float", возможна потеря данных
  (компиляция исходного файла "ShapeCreator.cpp")
  
C:\Users\Konovalov Sergey\Desktop\ООД\lw3\Shapes3\Shapes3\RectangleCreator.h(27,23): warning C4244: =: преобразование "int" в "float", возможна потеря данных
  (компиляция исходного файла "ShapeCreator.cpp")
  
C:\Users\Konovalov Sergey\Desktop\ООД\lw3\Shapes3\Shapes3\RectangleCreator.h(28,23): warning C4244: =: преобразование "int" в "float", возможна потеря данных
  (компиляция исходного файла "ShapeCreator.cpp")
  
C:\Users\Konovalov Sergey\Desktop\ООД\lw3\Shapes3\Shapes3\RectangleCreator.h(29,23): warning C4244: =: преобразование "int" в "float", возможна потеря данных
  (компиляция исходного файла "ShapeCreator.cpp")
  
C:\Users\Konovalov Sergey\Desktop\ООД\lw3\Shapes3\Shapes3\CircleCreator.h(25,28): warning C4244: =: преобразование "int" в "float", возможна потеря данных
  (компиляция исходного файла "ShapeCreator.cpp")
  
C:\Users\Konovalov Sergey\Desktop\ООД\lw3\Shapes3\Shapes3\CircleCreator.h(26,28): warning C4244: =: преобразование "int" в "float", возможна потеря данных
  (компиляция исходного файла "ShapeCreator.cpp")
  
C:\Users\Konovalov Sergey\Desktop\ООД\lw3\Shapes3\Shapes3\CircleCreator.h(27,27): warning C4244: =: преобразование "int" в "float", возможна потеря данных
  (компиляция исходного файла "ShapeCreator.cpp")
  
  Создание кода...
  Shapes3.vcxproj -> C:\Users\Konovalov Sergey\Desktop\ООД\lw3\Shapes3\x64\Debug\Shapes3.exe
